// Jest Snapshot v1, https://goo.gl/fbAQLP

exports[`DeckPanel.vue displays deck 1`] = `
<div
  class="card deck"
>
  <div
    class="card-header"
  >
    <div
      class="float-left header-text text-light"
    >
      
      Deck: 57 / 40
    
    </div>
     
    <div
      class="float-left"
    >
      <div
        class="card-type-counts"
      >
        
      Creatures: 23  
      Other: 17  
      Lands: 17
    
      </div>
    </div>
     
    <div
      class="float-right"
    >
      <button
        class="btn btn-sm btn-secondary text-light deck-view"
      >
        <span
          aria-label="View List icon"
          class="material-design-icon view-list-icon"
          role="img"
        >
          <svg
            class="material-design-icon__svg"
            fill="currentColor"
            height="24"
            viewBox="0 0 24 24"
            width="24"
          >
            <path
              d="M9,5V9H21V5M9,19H21V15H9M9,14H21V10H9M4,9H8V5H4M4,19H8V15H4M4,14H8V10H4V14Z"
            >
              <title>
                View List icon
              </title>
            </path>
          </svg>
        </span>
         View 
        <span
          class="btn-extra-text"
        >
          
    Decklist
  
        </span>
      </button>
       
      <button
        class="btn btn-sm btn-secondary text-light deck-download"
      >
        <span
          aria-label="Arrow Down Bold Box icon"
          class="material-design-icon arrow-down-bold-box-icon"
          role="img"
        >
          <svg
            class="material-design-icon__svg"
            fill="currentColor"
            height="24"
            viewBox="0 0 24 24"
            width="24"
          >
            <path
              d="M5,3H19C20.1,3 21,3.9 21,5V19C21,20.1 20.1,21 19,21H5C3.9,21 3,20.1 3,19V5C3,3.9 3.9,3 5,3M12,17L17,12H14V8H10V12H7L12,17Z"
            >
              <title>
                Arrow Down Bold Box icon
              </title>
            </path>
          </svg>
        </span>
         Download

      </button>
    </div>
  </div>
   
  <div
    class="card-body"
  >
      
    <div
      class="deck-piles deck-piles-top"
    >
      <div
        class="pile"
      >
        <div
          class="pile-caption"
          style="text-align: center;"
        >
          
    1
          <!---->
        </div>
         
        <span
          class="mtgcard mtgcard-draggable"
          draggable="true"
          style="margin-top: 16%;"
        >
          <img
            src="https://img.scryfall.com/cards/normal/front/e/f/ef3358cb-714c-49bf-b7e9-a69d02d7799e.jpg?1547235047"
          />
           
          <div
            style="position: fixed; top: -1000px;"
          />
        </span>
         
        <div
          class="pile-controls"
          style="margin-top: 156%;"
        />
         
        <div
          class="pile-drag-insert"
          style="margin-top: 0px; display: none;"
        />
      </div>
      <div
        class="pile"
      >
        <div
          class="pile-caption"
          style="text-align: center;"
        >
          
    2
          <!---->
        </div>
         
        <span
          class="mtgcard mtgcard-draggable"
          draggable="true"
          style="margin-top: 16%;"
        >
          <img
            src="https://img.scryfall.com/cards/normal/front/3/4/34a18415-015c-4d3f-8042-b156a673e125.jpg?1547235170"
          />
           
          <div
            style="position: fixed; top: -1000px;"
          />
        </span>
        <span
          class="mtgcard mtgcard-draggable"
          draggable="true"
          style="margin-top: 32%;"
        >
          <img
            src="https://img.scryfall.com/cards/normal/front/3/a/3a6e2816-d50b-41a5-b503-faa58dc7c94a.jpg?1547235176"
          />
           
          <div
            style="position: fixed; top: -1000px;"
          />
        </span>
        <span
          class="mtgcard mtgcard-draggable"
          draggable="true"
          style="margin-top: 48%;"
        >
          <img
            src="https://img.scryfall.com/cards/normal/front/3/c/3c969aa0-b0e5-42cd-abba-0a3c7266142c.jpg?1547235033"
          />
           
          <div
            style="position: fixed; top: -1000px;"
          />
        </span>
        <span
          class="mtgcard mtgcard-draggable"
          draggable="true"
          style="margin-top: 64%;"
        >
          <img
            src="https://img.scryfall.com/cards/normal/front/0/7/075bbe5d-d0f3-4be3-a3a6-072d5d3d614c.jpg?1547235005"
          />
           
          <div
            style="position: fixed; top: -1000px;"
          />
        </span>
        <span
          class="mtgcard mtgcard-draggable"
          draggable="true"
          style="margin-top: 80%;"
        >
          <img
            src="https://img.scryfall.com/cards/normal/front/2/8/2822aff3-9985-424b-9f19-b49e987c25e4.jpg?1547234750"
          />
           
          <div
            style="position: fixed; top: -1000px;"
          />
        </span>
        <span
          class="mtgcard mtgcard-draggable"
          draggable="true"
          style="margin-top: 96%;"
        >
          <img
            src="https://img.scryfall.com/cards/normal/front/5/e/5e9ddae7-7e7c-46c7-ad7d-9a686c256b9d.jpg?1547235079"
          />
           
          <div
            style="position: fixed; top: -1000px;"
          />
        </span>
         
        <div
          class="pile-controls"
          style="margin-top: 236%;"
        />
         
        <div
          class="pile-drag-insert"
          style="margin-top: 0px; display: none;"
        />
      </div>
      <div
        class="pile"
      >
        <div
          class="pile-caption"
          style="text-align: center;"
        >
          
    3
          <!---->
        </div>
         
        <span
          class="mtgcard mtgcard-draggable"
          draggable="true"
          style="margin-top: 16%;"
        >
          <img
            src="https://img.scryfall.com/cards/normal/front/f/0/f006255f-b18d-4d52-b97a-17909b67decc.jpg?1547235464"
          />
           
          <div
            style="position: fixed; top: -1000px;"
          />
        </span>
        <span
          class="mtgcard mtgcard-draggable"
          draggable="true"
          style="margin-top: 32%;"
        >
          <img
            src="https://img.scryfall.com/cards/normal/front/7/8/78cc4e02-949f-4879-9f32-7c33490d0b45.jpg?1547236136"
          />
           
          <div
            style="position: fixed; top: -1000px;"
          />
        </span>
        <span
          class="mtgcard mtgcard-draggable"
          draggable="true"
          style="margin-top: 48%;"
        >
          <img
            src="https://img.scryfall.com/cards/normal/front/7/8/78cc4e02-949f-4879-9f32-7c33490d0b45.jpg?1547236136"
          />
           
          <div
            style="position: fixed; top: -1000px;"
          />
        </span>
        <span
          class="mtgcard mtgcard-draggable"
          draggable="true"
          style="margin-top: 64%;"
        >
          <img
            src="https://img.scryfall.com/cards/normal/front/7/8/78cc4e02-949f-4879-9f32-7c33490d0b45.jpg?1547236136"
          />
           
          <div
            style="position: fixed; top: -1000px;"
          />
        </span>
         
        <div
          class="pile-controls"
          style="margin-top: 204%;"
        />
         
        <div
          class="pile-drag-insert"
          style="margin-top: 0px; display: none;"
        />
      </div>
      <div
        class="pile"
      >
        <div
          class="pile-caption"
          style="text-align: center;"
        >
          
    4
          <!---->
        </div>
         
        <span
          class="mtgcard mtgcard-draggable"
          draggable="true"
          style="margin-top: 16%;"
        >
          <img
            src="https://img.scryfall.com/cards/normal/front/4/8/48a7ac34-ec4a-4571-abb1-bff1fb67c78f.jpg?1547234819"
          />
           
          <div
            style="position: fixed; top: -1000px;"
          />
        </span>
        <span
          class="mtgcard mtgcard-draggable"
          draggable="true"
          style="margin-top: 32%;"
        >
          <img
            src="https://img.scryfall.com/cards/normal/front/b/c/bce2eef7-03a4-415f-8bb7-a29d50ce1b0f.jpg?1547235229"
          />
           
          <div
            style="position: fixed; top: -1000px;"
          />
        </span>
        <span
          class="mtgcard mtgcard-draggable"
          draggable="true"
          style="margin-top: 48%;"
        >
          <img
            src="https://img.scryfall.com/cards/normal/front/4/d/4da3969c-1979-4eee-828a-4a7189121eba.jpg?1547259854"
          />
           
          <div
            style="position: fixed; top: -1000px;"
          />
        </span>
        <span
          class="mtgcard mtgcard-draggable"
          draggable="true"
          style="margin-top: 64%;"
        >
          <img
            src="https://img.scryfall.com/cards/normal/front/2/b/2b0aaded-515f-4ac9-a72f-6948b4d4df51.jpg?1547234994"
          />
           
          <div
            style="position: fixed; top: -1000px;"
          />
        </span>
        <span
          class="mtgcard mtgcard-draggable"
          draggable="true"
          style="margin-top: 80%;"
        >
          <img
            src="https://img.scryfall.com/cards/normal/front/4/6/465adbb4-4c64-44eb-8323-61d23282c6b8.jpg?1547235475"
          />
           
          <div
            style="position: fixed; top: -1000px;"
          />
        </span>
        <span
          class="mtgcard mtgcard-draggable"
          draggable="true"
          style="margin-top: 96%;"
        >
          <img
            src="https://img.scryfall.com/cards/normal/front/5/8/58f70b8a-62ec-4ae6-97d2-3c6ae86a3602.jpg?1547235275"
          />
           
          <div
            style="position: fixed; top: -1000px;"
          />
        </span>
        <span
          class="mtgcard mtgcard-draggable"
          draggable="true"
          style="margin-top: 112%;"
        >
          <img
            src="https://img.scryfall.com/cards/normal/front/5/8/58f70b8a-62ec-4ae6-97d2-3c6ae86a3602.jpg?1547235275"
          />
           
          <div
            style="position: fixed; top: -1000px;"
          />
        </span>
         
        <div
          class="pile-controls"
          style="margin-top: 252%;"
        />
         
        <div
          class="pile-drag-insert"
          style="margin-top: 0px; display: none;"
        />
      </div>
      <div
        class="pile"
      >
        <div
          class="pile-caption"
          style="text-align: center;"
        >
          
    5
          <!---->
        </div>
         
        <span
          class="mtgcard mtgcard-draggable"
          draggable="true"
          style="margin-top: 16%;"
        >
          <img
            src="https://img.scryfall.com/cards/normal/front/5/0/5080975e-693a-44f5-a718-9ee947dada6d.jpg?1547235154"
          />
           
          <div
            style="position: fixed; top: -1000px;"
          />
        </span>
        <span
          class="mtgcard mtgcard-draggable"
          draggable="true"
          style="margin-top: 32%;"
        >
          <img
            src="https://img.scryfall.com/cards/normal/front/2/1/21982dc7-4f79-4251-8382-95cd1f627e0f.jpg?1547234532"
          />
           
          <div
            style="position: fixed; top: -1000px;"
          />
        </span>
         
        <div
          class="pile-controls"
          style="margin-top: 172%;"
        />
         
        <div
          class="pile-drag-insert"
          style="margin-top: 0px; display: none;"
        />
      </div>
       
      <div
        class="pile"
      >
        <div
          class="pile-caption"
          style="text-align: center;"
        >
          
    6+
          <!---->
        </div>
         
        <span
          class="mtgcard mtgcard-draggable"
          draggable="true"
          style="margin-top: 16%;"
        >
          <img
            src="https://img.scryfall.com/cards/normal/front/7/1/71fe7057-de70-456d-8f33-f64652447bdd.jpg?1547234899"
          />
           
          <div
            style="position: fixed; top: -1000px;"
          />
        </span>
        <span
          class="mtgcard mtgcard-draggable"
          draggable="true"
          style="margin-top: 32%;"
        >
          <img
            src="https://img.scryfall.com/cards/normal/front/7/4/74e6f7be-4493-4081-ac67-d782ab2b3723.jpg?1547235106"
          />
           
          <div
            style="position: fixed; top: -1000px;"
          />
        </span>
        <span
          class="mtgcard mtgcard-draggable"
          draggable="true"
          style="margin-top: 48%;"
        >
          <img
            src="https://img.scryfall.com/cards/normal/front/7/4/74e6f7be-4493-4081-ac67-d782ab2b3723.jpg?1547235106"
          />
           
          <div
            style="position: fixed; top: -1000px;"
          />
        </span>
         
        <div
          class="pile-controls"
          style="margin-top: 188%;"
        />
         
        <div
          class="pile-drag-insert"
          style="margin-top: 0px; display: none;"
        />
      </div>
       
      <div
        class="pile pile-separator"
      />
       
      <div
        class="pile"
      >
        <div
          class="pile-caption"
          style="text-align: center;"
        >
          
    Lands (17)
          <!---->
        </div>
         
        <span
          class="mtgcard mtgcard-draggable"
          draggable="true"
          style="margin-top: 16%;"
        >
          <img
            src="https://img.scryfall.com/cards/normal/front/3/4/3433a2c2-d252-4cd8-97e8-389875b2cda0.jpg?1547235610"
          />
           
          <div
            style="position: fixed; top: -1000px;"
          />
        </span>
        <span
          class="mtgcard mtgcard-draggable"
          draggable="true"
          style="margin-top: 32%;"
        >
          <img
            src="https://img.scryfall.com/cards/normal/front/3/3/33d10573-1695-4a73-b92d-d478572b85ec.jpg?1547579459"
          />
           
          <div
            style="position: fixed; top: -1000px;"
          />
        </span>
        <span
          class="mtgcard mtgcard-draggable"
          draggable="true"
          style="margin-top: 48%;"
        >
          <img
            src="https://img.scryfall.com/cards/normal/front/3/3/33d10573-1695-4a73-b92d-d478572b85ec.jpg?1547579459"
          />
           
          <div
            style="position: fixed; top: -1000px;"
          />
        </span>
        <span
          class="mtgcard mtgcard-draggable"
          draggable="true"
          style="margin-top: 64%;"
        >
          <img
            src="https://img.scryfall.com/cards/normal/front/3/3/33d10573-1695-4a73-b92d-d478572b85ec.jpg?1547579459"
          />
           
          <div
            style="position: fixed; top: -1000px;"
          />
        </span>
        <span
          class="mtgcard mtgcard-draggable"
          draggable="true"
          style="margin-top: 80%;"
        >
          <img
            src="https://img.scryfall.com/cards/normal/front/2/6/26f7e55d-d4c9-4755-ab87-a592ba3fb64f.jpg?1547579529"
          />
           
          <div
            style="position: fixed; top: -1000px;"
          />
        </span>
         
        <div
          class="pile-controls"
          style="margin-top: 220%;"
        >
          <div
            class="deck-lands"
          >
            <table
              class="table table-sm deck-colors"
            >
              <tbody>
                <tr>
                  <td
                    align="center"
                  >
                    <img
                      src="/images/mana-green.svg"
                      title="Forest"
                      width="18"
                    />
                  </td>
                   
                  <td
                    align="center"
                  >
                    <input
                      min="0"
                      type="number"
                    />
                  </td>
                </tr>
                <tr>
                  <td
                    align="center"
                  >
                    <img
                      src="/images/mana-red.svg"
                      title="Mountain"
                      width="18"
                    />
                  </td>
                   
                  <td
                    align="center"
                  >
                    <input
                      min="0"
                      type="number"
                    />
                  </td>
                </tr>
                <tr>
                  <td
                    align="center"
                  >
                    <img
                      src="/images/mana-blue.svg"
                      title="Island"
                      width="18"
                    />
                  </td>
                   
                  <td
                    align="center"
                  >
                    <input
                      min="0"
                      type="number"
                    />
                  </td>
                </tr>
                <tr>
                  <td
                    align="center"
                  >
                    <img
                      src="/images/mana-white.svg"
                      title="Plains"
                      width="18"
                    />
                  </td>
                   
                  <td
                    align="center"
                  >
                    <input
                      min="0"
                      type="number"
                    />
                  </td>
                </tr>
                <tr>
                  <td
                    align="center"
                  >
                    <img
                      src="/images/mana-black.svg"
                      title="Swamp"
                      width="18"
                    />
                  </td>
                   
                  <td
                    align="center"
                  >
                    <input
                      min="0"
                      type="number"
                    />
                  </td>
                </tr>
              </tbody>
            </table>
          </div>
        </div>
         
        <div
          class="pile-drag-insert"
          style="margin-top: 0px; display: none;"
        />
      </div>
       
      <div
        class="pile pile-separator"
      />
       
      <div
        class="pile deck-sideboard"
      >
        <div
          class="pile-caption"
          style="text-align: center;"
        >
          
    Sideboard
          <!---->
        </div>
          
        <div
          class="pile-controls"
          style="margin-top: 146%;"
        >
          <div>
            <div
              class="pile deck-unused"
            >
              <div
                class="pile-caption"
                style="text-align: center;"
              >
                
    Unused
                <!---->
              </div>
                
              <div
                class="pile-controls"
                style="margin-top: 6%;"
              />
               
              <div
                class="pile-drag-insert"
                style="margin-top: 0px; display: none;"
              />
            </div>
          </div>
        </div>
         
        <div
          class="pile-drag-insert"
          style="margin-top: 0px; display: none;"
        />
      </div>
    </div>
     
    <div
      class="deck-piles deck-piles-bottom"
      style="margin-top: 30.450000000000003%;"
    >
      <div
        class="pile"
      >
        <!---->
         
        <span
          class="mtgcard mtgcard-draggable"
          draggable="true"
          style="margin-top: 0%;"
        >
          <img
            src="https://img.scryfall.com/cards/normal/front/4/3/43df9f41-944e-4cf3-ac80-524eadac221d.jpg?1547234824"
          />
           
          <div
            style="position: fixed; top: -1000px;"
          />
        </span>
        <span
          class="mtgcard mtgcard-draggable"
          draggable="true"
          style="margin-top: 16%;"
        >
          <img
            src="https://img.scryfall.com/cards/normal/front/4/3/43df9f41-944e-4cf3-ac80-524eadac221d.jpg?1547234824"
          />
           
          <div
            style="position: fixed; top: -1000px;"
          />
        </span>
         
        <div
          class="pile-controls"
          style="margin-top: 156%;"
        />
         
        <div
          class="pile-drag-insert"
          style="margin-top: 0px; display: none;"
        />
      </div>
      <div
        class="pile"
      >
        <!---->
         
        <span
          class="mtgcard mtgcard-draggable"
          draggable="true"
          style="margin-top: 0%;"
        >
          <img
            src="https://img.scryfall.com/cards/normal/front/e/6/e635c433-0398-442a-856e-1869f6bf2cfd.jpg?1547234634"
          />
           
          <div
            style="position: fixed; top: -1000px;"
          />
        </span>
        <span
          class="mtgcard mtgcard-draggable"
          draggable="true"
          style="margin-top: 16%;"
        >
          <img
            src="https://img.scryfall.com/cards/normal/front/8/a/8a81e889-490b-4aeb-8e84-ea9a390bb8fe.jpg?1547234808"
          />
           
          <div
            style="position: fixed; top: -1000px;"
          />
        </span>
        <span
          class="mtgcard mtgcard-draggable"
          draggable="true"
          style="margin-top: 32%;"
        >
          <img
            src="https://img.scryfall.com/cards/normal/front/7/c/7c77a6b1-ef06-4da5-8e86-a5204216cb77.jpg?1547235257"
          />
           
          <div
            style="position: fixed; top: -1000px;"
          />
        </span>
        <span
          class="mtgcard mtgcard-draggable"
          draggable="true"
          style="margin-top: 48%;"
        >
          <img
            src="https://img.scryfall.com/cards/normal/front/5/f/5f38b1a2-3f85-4dcd-b90d-bb049651b8b7.jpg?1547235037"
          />
           
          <div
            style="position: fixed; top: -1000px;"
          />
        </span>
        <span
          class="mtgcard mtgcard-draggable"
          draggable="true"
          style="margin-top: 64%;"
        >
          <img
            src="https://img.scryfall.com/cards/normal/front/7/6/76e3092d-2422-438c-b5dd-bf8eca33a76e.jpg?1547234580"
          />
           
          <div
            style="position: fixed; top: -1000px;"
          />
        </span>
        <span
          class="mtgcard mtgcard-draggable"
          draggable="true"
          style="margin-top: 80%;"
        >
          <img
            src="https://img.scryfall.com/cards/normal/front/b/c/bcf9b57a-a759-4488-965a-651070cd2156.jpg?1547235085"
          />
           
          <div
            style="position: fixed; top: -1000px;"
          />
        </span>
         
        <div
          class="pile-controls"
          style="margin-top: 220%;"
        />
         
        <div
          class="pile-drag-insert"
          style="margin-top: 0px; display: none;"
        />
      </div>
      <div
        class="pile"
      >
        <!---->
         
        <span
          class="mtgcard mtgcard-draggable"
          draggable="true"
          style="margin-top: 0%;"
        >
          <img
            src="https://img.scryfall.com/cards/normal/front/b/8/b8574ffd-3e72-41de-90bf-69363189f047.jpg?1547234797"
          />
           
          <div
            style="position: fixed; top: -1000px;"
          />
        </span>
        <span
          class="mtgcard mtgcard-draggable"
          draggable="true"
          style="margin-top: 16%;"
        >
          <img
            src="https://img.scryfall.com/cards/normal/front/1/4/147bef05-4497-44d5-9dd6-fb5dc08e78f7.jpg?1547234856"
          />
           
          <div
            style="position: fixed; top: -1000px;"
          />
        </span>
        <span
          class="mtgcard mtgcard-draggable"
          draggable="true"
          style="margin-top: 32%;"
        >
          <img
            src="https://img.scryfall.com/cards/normal/front/1/e/1ec78880-a8ec-4c87-bc3f-e2a79d154884.jpg?1547235552"
          />
           
          <div
            style="position: fixed; top: -1000px;"
          />
        </span>
        <span
          class="mtgcard mtgcard-draggable"
          draggable="true"
          style="margin-top: 48%;"
        >
          <img
            src="https://img.scryfall.com/cards/normal/front/d/3/d3104cad-e684-4bd7-b26b-5aa862f7a2b3.jpg?1547235042"
          />
           
          <div
            style="position: fixed; top: -1000px;"
          />
        </span>
        <span
          class="mtgcard mtgcard-draggable"
          draggable="true"
          style="margin-top: 64%;"
        >
          <img
            src="https://img.scryfall.com/cards/normal/front/4/c/4ca942d7-a3a3-429f-a159-fc2363d9bca6.jpg?1547235390"
          />
           
          <div
            style="position: fixed; top: -1000px;"
          />
        </span>
        <span
          class="mtgcard mtgcard-draggable"
          draggable="true"
          style="margin-top: 80%;"
        >
          <img
            src="https://img.scryfall.com/cards/normal/front/4/c/4ca942d7-a3a3-429f-a159-fc2363d9bca6.jpg?1547235390"
          />
           
          <div
            style="position: fixed; top: -1000px;"
          />
        </span>
         
        <div
          class="pile-controls"
          style="margin-top: 220%;"
        />
         
        <div
          class="pile-drag-insert"
          style="margin-top: 0px; display: none;"
        />
      </div>
      <div
        class="pile"
      >
        <!---->
         
        <span
          class="mtgcard mtgcard-draggable"
          draggable="true"
          style="margin-top: 0%;"
        >
          <img
            src="https://img.scryfall.com/cards/normal/front/9/b/9bd15da6-2b86-4dba-951d-318c7d9a5dde.jpg?1548262504"
          />
           
          <div
            style="position: fixed; top: -1000px;"
          />
        </span>
         
        <div
          class="pile-controls"
          style="margin-top: 140%;"
        />
         
        <div
          class="pile-drag-insert"
          style="margin-top: 0px; display: none;"
        />
      </div>
      <div
        class="pile"
      >
        <!---->
         
        <span
          class="mtgcard mtgcard-draggable"
          draggable="true"
          style="margin-top: 0%;"
        >
          <img
            src="https://img.scryfall.com/cards/normal/front/0/a/0ac65975-6ff5-4863-b7b7-d7dbea213b50.jpg?1547234665"
          />
           
          <div
            style="position: fixed; top: -1000px;"
          />
        </span>
         
        <div
          class="pile-controls"
          style="margin-top: 140%;"
        />
         
        <div
          class="pile-drag-insert"
          style="margin-top: 0px; display: none;"
        />
      </div>
      <div
        class="pile"
      >
        <!---->
         
        <span
          class="mtgcard mtgcard-draggable"
          draggable="true"
          style="margin-top: 0%;"
        >
          <img
            src="https://img.scryfall.com/cards/normal/front/1/6/16957271-12bb-4031-b476-f7678b753ae3.jpg?1547234840"
          />
           
          <div
            style="position: fixed; top: -1000px;"
          />
        </span>
         
        <div
          class="pile-controls"
          style="margin-top: 140%;"
        />
         
        <div
          class="pile-drag-insert"
          style="margin-top: 0px; display: none;"
        />
      </div>
    </div>
  </div>
</div>
`;
