// Jest Snapshot v1, https://goo.gl/fbAQLP

exports[`PickList.vue displays picks 1`] = `
<div
  class="pick-list"
>
  <div
    class="pile"
  >
    <!---->
      
    <div
      class="pile-controls"
      style="margin-top: -10%;"
    />
     
    <div
      class="pile-drag-insert"
      style="margin-top: 0px; display: none;"
    />
  </div>
  <div
    class="pile"
  >
    <!---->
     
    <span
      class="mtgcard mtgcard-draggable"
      draggable="true"
      style="margin-top: 0%;"
    >
      <img
        class=""
        src="https://img.scryfall.com/cards/normal/front/1/3/13070db2-cf89-4552-8b6c-76426274321a.jpg?1547235453"
      />
       
      <!---->
       
      <div
        style="position: fixed; top: -1000px;"
      />
    </span>
    <span
      class="mtgcard mtgcard-draggable"
      draggable="true"
      style="margin-top: 16%;"
    >
      <img
        class=""
        src="https://img.scryfall.com/cards/normal/front/2/f/2f7ecad5-8bb5-416f-b8ef-a04aba4dc4b5.jpg?1547235053"
      />
       
      <!---->
       
      <div
        style="position: fixed; top: -1000px;"
      />
    </span>
     
    <div
      class="pile-controls"
      style="margin-top: 156%;"
    />
     
    <div
      class="pile-drag-insert"
      style="margin-top: 0px; display: none;"
    />
  </div>
  <div
    class="pile"
  >
    <!---->
     
    <span
      class="mtgcard mtgcard-draggable"
      draggable="true"
      style="margin-top: 0%;"
    >
      <img
        class=""
        src="https://img.scryfall.com/cards/normal/front/c/5/c5674753-17e4-4e35-a12c-13e1e077ec70.jpg?1547234802"
      />
       
      <!---->
       
      <div
        style="position: fixed; top: -1000px;"
      />
    </span>
    <span
      class="mtgcard mtgcard-draggable"
      draggable="true"
      style="margin-top: 16%;"
    >
      <img
        class=""
        src="https://img.scryfall.com/cards/normal/front/7/8/78cc4e02-949f-4879-9f32-7c33490d0b45.jpg?1547236136"
      />
       
      <!---->
       
      <div
        style="position: fixed; top: -1000px;"
      />
    </span>
    <span
      class="mtgcard mtgcard-draggable"
      draggable="true"
      style="margin-top: 32%;"
    >
      <img
        class=""
        src="https://img.scryfall.com/cards/normal/front/7/8/78cc4e02-949f-4879-9f32-7c33490d0b45.jpg?1547236136"
      />
       
      <!---->
       
      <div
        style="position: fixed; top: -1000px;"
      />
    </span>
     
    <div
      class="pile-controls"
      style="margin-top: 172%;"
    />
     
    <div
      class="pile-drag-insert"
      style="margin-top: 0px; display: none;"
    />
  </div>
  <div
    class="pile"
  >
    <!---->
     
    <span
      class="mtgcard mtgcard-draggable"
      draggable="true"
      style="margin-top: 0%;"
    >
      <img
        class=""
        src="https://img.scryfall.com/cards/normal/front/9/b/9bb6a8bb-9eec-4f9b-a5a8-604631e4b823.jpg?1547235426"
      />
       
      <!---->
       
      <div
        style="position: fixed; top: -1000px;"
      />
    </span>
     
    <div
      class="pile-controls"
      style="margin-top: 140%;"
    />
     
    <div
      class="pile-drag-insert"
      style="margin-top: 0px; display: none;"
    />
  </div>
  <div
    class="pile"
  >
    <!---->
     
    <span
      class="mtgcard mtgcard-draggable"
      draggable="true"
      style="margin-top: 0%;"
    >
      <img
        class=""
        src="https://img.scryfall.com/cards/normal/front/0/d/0dcdad71-323e-41e0-a1b3-9fd5b753e71c.jpg?1547235337"
      />
       
      <!---->
       
      <div
        style="position: fixed; top: -1000px;"
      />
    </span>
    <span
      class="mtgcard mtgcard-draggable"
      draggable="true"
      style="margin-top: 16%;"
    >
      <img
        class=""
        src="https://img.scryfall.com/cards/normal/front/1/2/12c1b820-0f06-41f6-804f-5c98f60c1529.jpg?1547235026"
      />
       
      <!---->
       
      <div
        style="position: fixed; top: -1000px;"
      />
    </span>
    <span
      class="mtgcard mtgcard-draggable"
      draggable="true"
      style="margin-top: 32%;"
    >
      <img
        class=""
        src="https://img.scryfall.com/cards/normal/front/2/f/2faac11b-4ece-4537-aa55-c2d0afa41786.jpg?1547259835"
      />
       
      <!---->
       
      <div
        style="position: fixed; top: -1000px;"
      />
    </span>
     
    <div
      class="pile-controls"
      style="margin-top: 172%;"
    />
     
    <div
      class="pile-drag-insert"
      style="margin-top: 0px; display: none;"
    />
  </div>
  <div
    class="pile"
  >
    <!---->
     
    <span
      class="mtgcard mtgcard-draggable"
      draggable="true"
      style="margin-top: 0%;"
    >
      <img
        class=""
        src="https://img.scryfall.com/cards/normal/front/3/d/3d30399e-2ecb-4de2-b830-673a3f059197.jpg?1547584469"
      />
       
      <!---->
       
      <div
        style="position: fixed; top: -1000px;"
      />
    </span>
     
    <div
      class="pile-controls"
      style="margin-top: 140%;"
    />
     
    <div
      class="pile-drag-insert"
      style="margin-top: 0px; display: none;"
    />
  </div>
  <div
    class="pile"
  >
    <!---->
     
    <span
      class="mtgcard mtgcard-draggable"
      draggable="true"
      style="margin-top: 0%;"
    >
      <img
        class=""
        src="https://img.scryfall.com/cards/normal/front/7/8/782760d7-59cc-4d40-a885-6a7980094fee.jpg?1547234537"
      />
       
      <!---->
       
      <div
        style="position: fixed; top: -1000px;"
      />
    </span>
    <span
      class="mtgcard mtgcard-draggable"
      draggable="true"
      style="margin-top: 16%;"
    >
      <img
        class=""
        src="https://img.scryfall.com/cards/normal/front/b/8/b8574ffd-3e72-41de-90bf-69363189f047.jpg?1547234797"
      />
       
      <!---->
       
      <div
        style="position: fixed; top: -1000px;"
      />
    </span>
    <span
      class="mtgcard mtgcard-draggable"
      draggable="true"
      style="margin-top: 32%;"
    >
      <img
        class=""
        src="https://img.scryfall.com/cards/normal/front/8/d/8de24cba-545a-438b-9516-1c19a50ca78c.jpg?1547234940"
      />
       
      <!---->
       
      <div
        style="position: fixed; top: -1000px;"
      />
    </span>
     
    <div
      class="pile-controls"
      style="margin-top: 172%;"
    />
     
    <div
      class="pile-drag-insert"
      style="margin-top: 0px; display: none;"
    />
  </div>
   
  <div
    class="pile pile-separator"
  />
   
  <div
    class="pile"
  >
    <div
      class="pile-caption"
      style="text-align: center;"
    >
      
    Sideboard
      <!---->
    </div>
     
    <span
      class="mtgcard mtgcard-draggable"
      draggable="true"
      style="margin-top: 16%;"
    >
      <img
        class=""
        src="https://img.scryfall.com/cards/normal/front/0/5/0536c2fa-7402-49a1-9016-dcf5633ca9ef.jpg?1547235181"
      />
       
      <!---->
       
      <div
        style="position: fixed; top: -1000px;"
      />
    </span>
    <span
      class="mtgcard mtgcard-draggable"
      draggable="true"
      style="margin-top: 32%;"
    >
      <img
        class=""
        src="https://img.scryfall.com/cards/normal/front/d/3/d3104cad-e684-4bd7-b26b-5aa862f7a2b3.jpg?1547235042"
      />
       
      <!---->
       
      <div
        style="position: fixed; top: -1000px;"
      />
    </span>
    <span
      class="mtgcard mtgcard-draggable"
      draggable="true"
      style="margin-top: 48%;"
    >
      <img
        class=""
        src="https://img.scryfall.com/cards/normal/front/0/3/03fd8ee5-0a2a-4c68-9b09-01945c7189ab.jpg?1547580949"
      />
       
      <!---->
       
      <div
        style="position: fixed; top: -1000px;"
      />
    </span>
    <span
      class="mtgcard mtgcard-draggable"
      draggable="true"
      style="margin-top: 64%;"
    >
      <img
        class=""
        src="https://img.scryfall.com/cards/normal/front/a/9/a920c2e6-4a1f-487c-ad3f-b772443f0633.jpg?1547234765"
      />
       
      <!---->
       
      <div
        style="position: fixed; top: -1000px;"
      />
    </span>
    <span
      class="mtgcard mtgcard-draggable"
      draggable="true"
      style="margin-top: 80%;"
    >
      <img
        class=""
        src="https://img.scryfall.com/cards/normal/front/9/4/948b569b-6341-418b-99b5-f79dfb3fe8dd.jpg?1547234609"
      />
       
      <!---->
       
      <div
        style="position: fixed; top: -1000px;"
      />
    </span>
    <span
      class="mtgcard mtgcard-draggable"
      draggable="true"
      style="margin-top: 96%;"
    >
      <img
        class=""
        src="https://img.scryfall.com/cards/normal/front/c/b/cba5fb67-e161-4e89-be3e-c8021122ff19.jpg?1547579495"
      />
       
      <!---->
       
      <div
        style="position: fixed; top: -1000px;"
      />
    </span>
     
    <div
      class="pile-controls"
      style="margin-top: 236%;"
    />
     
    <div
      class="pile-drag-insert"
      style="margin-top: 0px; display: none;"
    />
  </div>
</div>
`;
